// Jest Snapshot v1, https://goo.gl/fbAQLP

exports[`IconButton should renders correctly 1`] = `
.c0 {
  background: transparent;
  border: none;
  padding: 0;
  display: -webkit-box;
  display: -webkit-flex;
  display: -ms-flexbox;
  display: flex;
  -webkit-flex-direction: column;
  -ms-flex-direction: column;
  flex-direction: column;
  -webkit-align-items: center;
  -webkit-box-align: center;
  -ms-flex-align: center;
  align-items: center;
}

.c1 {
  display: -webkit-box;
  display: -webkit-flex;
  display: -ms-flexbox;
  display: flex;
  -webkit-align-items: center;
  -webkit-box-align: center;
  -ms-flex-align: center;
  align-items: center;
  -webkit-box-pack: center;
  -webkit-justify-content: center;
  -ms-flex-pack: center;
  justify-content: center;
  background: #2e6cdd;
  width: 48px;
  height: 48px;
  border-radius: 50%;
  border: 1px solid rgba(255,255,255,0.6);
}

.c2 {
  color: #fff;
}

<button
  class="c0"
  size="24"
>
  <div
    class="c1"
    size="48"
  >
    <svg
      class="c2"
    />
  </div>
</button>
`;
